<!DOCTYPE html>
<html lang="en">
<head>
  <title>T11</title>
  <meta charset="UTF-8">
  <meta name="viewport" content="width=device-width, initial-scale=1.0">
  
  <!-- stylesheets *******************************************-->
  <link rel="stylesheet" href="/css/style.css">
</head>

<!--*************************************************************
  BODY
**************************************************************-->
<body>
  <h1>T11 - Testing expected cases</h1>
  <p>Nothing to see here. Test your code from the last task.</p>
  <script src="../t10_activate_via_button.js"></script>
  <div class="w3-container">
    <h1>Testing of the Code</h1>
    <button class="w3-button w3-????????? w3-xxlarge" type="button"
      onclick="start() ;">START</button>
  </div>
</body>
</html>
<!--*************************************************************
  END OF T11_TESTING_EXPECTED.HTML
**************************************************************-->